// Jest Snapshot v1, https://goo.gl/fbAQLP

exports[`Pages/MarkdownPage.jsx MarkdownPage highlightCode static function 1`] = `"<span class=\\"hljs-built_in\\">console</span>.log(<span class=\\"hljs-string\\">\\"Hello World\\"</span>);"`;

exports[`Pages/MarkdownPage.jsx MarkdownPage highlightCode static function 2`] = `"console.<span class=\\"hljs-built_in\\">log</span>(<span class=\\"hljs-string\\">\\"Hello World\\"</span>);"`;

exports[`Pages/MarkdownPage.jsx MarkdownPage should render properly 1`] = `
ShallowWrapper {
  "length": 1,
  Symbol(enzyme.__root__): [Circular],
  Symbol(enzyme.__unrendered__): <MarkdownPage
    content="### Hello Markdown"
  />,
  Symbol(enzyme.__renderer__): Object {
    "batchedUpdates": [Function],
    "getNode": [Function],
    "render": [Function],
    "simulateEvent": [Function],
    "unmount": [Function],
  },
  Symbol(enzyme.__node__): Object {
    "instance": null,
    "key": null,
    "nodeType": "host",
    "props": Object {
      "children": <Remarkable
        container="div"
        options={
          Object {
            "breaks": true,
            "highlight": [Function],
            "html": true,
            "quotes": "“”‘’",
            "typographer": true,
            "xhtmlOut": true,
          }
        }
      >
        ### Hello Markdown
      </Remarkable>,
      "className": "markdown-body",
    },
    "ref": null,
    "rendered": Object {
      "instance": null,
      "key": null,
      "nodeType": "class",
      "props": Object {
        "children": "### Hello Markdown",
        "container": "div",
        "options": Object {
          "breaks": true,
          "highlight": [Function],
          "html": true,
          "quotes": "“”‘’",
          "typographer": true,
          "xhtmlOut": true,
        },
      },
      "ref": null,
      "rendered": "### Hello Markdown",
      "type": [Function],
    },
    "type": "div",
  },
  Symbol(enzyme.__nodes__): Array [
    Object {
      "instance": null,
      "key": null,
      "nodeType": "host",
      "props": Object {
        "children": <Remarkable
          container="div"
          options={
            Object {
              "breaks": true,
              "highlight": [Function],
              "html": true,
              "quotes": "“”‘’",
              "typographer": true,
              "xhtmlOut": true,
            }
          }
        >
          ### Hello Markdown
        </Remarkable>,
        "className": "markdown-body",
      },
      "ref": null,
      "rendered": Object {
        "instance": null,
        "key": null,
        "nodeType": "class",
        "props": Object {
          "children": "### Hello Markdown",
          "container": "div",
          "options": Object {
            "breaks": true,
            "highlight": [Function],
            "html": true,
            "quotes": "“”‘’",
            "typographer": true,
            "xhtmlOut": true,
          },
        },
        "ref": null,
        "rendered": "### Hello Markdown",
        "type": [Function],
      },
      "type": "div",
    },
  ],
  Symbol(enzyme.__options__): Object {
    "adapter": ReactSixteenAdapter {
      "options": Object {
        "enableComponentDidUpdateOnSetState": true,
      },
    },
  },
}
`;
