// Jest Snapshot v1, https://goo.gl/fbAQLP

exports[`Pages/NotFound.jsx NotFound should render properly 1`] = `
ShallowWrapper {
  "length": 1,
  Symbol(enzyme.__root__): [Circular],
  Symbol(enzyme.__unrendered__): <NotFound>
    Hello Jest!
  </NotFound>,
  Symbol(enzyme.__renderer__): Object {
    "batchedUpdates": [Function],
    "getNode": [Function],
    "render": [Function],
    "simulateEvent": [Function],
    "unmount": [Function],
  },
  Symbol(enzyme.__node__): Object {
    "instance": null,
    "key": null,
    "nodeType": "host",
    "props": Object {
      "children": <IconHeader
        contents="Page Not Found"
        headerTag="h2"
        iconName="info"
        subHeader="The page you were looking for cannot be found."
      />,
    },
    "ref": null,
    "rendered": Object {
      "instance": null,
      "key": null,
      "nodeType": "class",
      "props": Object {
        "contents": "Page Not Found",
        "headerTag": "h2",
        "iconName": "info",
        "subHeader": "The page you were looking for cannot be found.",
      },
      "ref": null,
      "rendered": null,
      "type": [Function],
    },
    "type": "div",
  },
  Symbol(enzyme.__nodes__): Array [
    Object {
      "instance": null,
      "key": null,
      "nodeType": "host",
      "props": Object {
        "children": <IconHeader
          contents="Page Not Found"
          headerTag="h2"
          iconName="info"
          subHeader="The page you were looking for cannot be found."
        />,
      },
      "ref": null,
      "rendered": Object {
        "instance": null,
        "key": null,
        "nodeType": "class",
        "props": Object {
          "contents": "Page Not Found",
          "headerTag": "h2",
          "iconName": "info",
          "subHeader": "The page you were looking for cannot be found.",
        },
        "ref": null,
        "rendered": null,
        "type": [Function],
      },
      "type": "div",
    },
  ],
  Symbol(enzyme.__options__): Object {
    "adapter": ReactSixteenAdapter {
      "options": Object {
        "enableComponentDidUpdateOnSetState": true,
      },
    },
  },
}
`;
